// Jest Snapshot v1, https://goo.gl/fbAQLP

exports[`<TaskItem /> renders correctly 1`] = `ShallowWrapper {}`;
